Status: 503
"No player found"
